<html>
<body>
<pre>
<h1>µVision Build Log</h1>
<h2>Tool Versions:</h2>
IDE-Version: µVision V5.37.0.0
Copyright (C) 2022 ARM Ltd and ARM Germany GmbH. All rights reserved.
License Information: Dmitry d1maasik, Polytech, LIC=----
 
Tool Versions:
Toolchain:       MDK-Lite  Version: 5.37.0.0
Toolchain Path:  D:\progr_MP_MK\Soft\ARM\ARMCLANG\Bin
C Compiler:      ArmClang.exe V6.18
Assembler:       Armasm.exe V6.18
Linker/Locator:  ArmLink.exe V6.18
Library Manager: ArmAr.exe V6.18
Hex Converter:   FromElf.exe V6.18
CPU DLL:         SARMCM3.DLL V5.37.0.0
Dialog DLL:      DCM.DLL V1.17.5.0
Target DLL:      STLink\ST-LINKIII-KEIL_SWO.dll V3.0.9.0
Dialog DLL:      TCM.DLL V1.56.1.0
 
<h2>Project:</h2>
D:\progr_MP_MK\kyrsach\code\code\USART_test.uvprojx
Project File Date:  03/03/2026

<h2>Output:</h2>
*** Using Compiler 'V6.18', folder: 'D:\progr_MP_MK\Soft\ARM\ARMCLANG\Bin'
Build target 'Target 1'
main.c(60): warning: implicit conversion changes signedness: 'int' to 'unsigned int' [-Wsign-conversion]
    GPIOA->ODR &= ~(GPIO_ODR_ODR0 | GPIO_ODR_ODR1);
               ~~ ^~~~~~~~~~~~~~~~~~~~~~~~~~~~~~~~
main.c(65): warning: implicit conversion changes signedness: 'int' to 'unsigned int' [-Wsign-conversion]
    GPIOA->ODR &= ~(GPIO_ODR_ODR0 | GPIO_ODR_ODR1);
               ~~ ^~~~~~~~~~~~~~~~~~~~~~~~~~~~~~~~
main.c(71): warning: implicit conversion changes signedness: 'int' to 'unsigned int' [-Wsign-conversion]
    GPIOA->ODR &= ~GPIO_ODR_ODR1;  /* ??????? ???????? */
               ~~ ^~~~~~~~~~~~~~
main.c(77): warning: implicit conversion changes signedness: 'int' to 'unsigned int' [-Wsign-conversion]
    GPIOA->ODR &= ~GPIO_ODR_ODR0;  /* ??????? ???????? */
               ~~ ^~~~~~~~~~~~~~
main.c(88): warning: implicit conversion changes signedness: 'int' to 'unsigned int' [-Wsign-conversion]
        GPIOA->ODR &= ~GPIO_ODR_ODR0;
                   ~~ ^~~~~~~~~~~~~~
main.c(98): warning: implicit conversion changes signedness: 'int' to 'unsigned int' [-Wsign-conversion]
                GPIOA->ODR &= ~GPIO_ODR_ODR1;
                           ~~ ^~~~~~~~~~~~~~
main.c(101): warning: implicit conversion changes signedness: 'int' to 'unsigned int' [-Wsign-conversion]
            GPIOA->ODR &= ~GPIO_ODR_ODR0;
                       ~~ ^~~~~~~~~~~~~~
main.c(108): warning: implicit conversion changes signedness: 'int' to 'unsigned int' [-Wsign-conversion]
        GPIOA->ODR &= ~GPIO_ODR_ODR1;
                   ~~ ^~~~~~~~~~~~~~
main.c(215): warning: no previous prototype for function 'USART2_IRQHandler' [-Wmissing-prototypes]
void USART2_IRQHandler(void)
     ^
main.c(215): note: declare 'static' if the function is not intended to be used outside of this translation unit
void USART2_IRQHandler(void)
^
static 
main.c(637): warning: enumeration value 'OP_NONE' not explicitly handled in switch [-Wswitch-enum]
    switch (op)
            ^~
main.c(717): warning: cast from 'volatile char *' to 'char *' drops volatile qualifier [-Wcast-qual]
            strncpy(local_buffer, (char*)rx_buffer, RX_BUFFER_SIZE - 1);
                                         ^
main.c(723): warning: no newline at end of file [-Wnewline-eof]
}
 ^
main.c(34): warning: unused variable 'update_temp' [-Wunused-variable]
static volatile uint8_t update_temp = 1;
                        ^
13 warnings generated.
compiling main.c...
linking...
Program Size: Code=12368 RO-data=1540 RW-data=4 ZI-data=2288  
FromELF: creating hex file...
".\Objects\USART_test.axf" - 0 Error(s), 13 Warning(s).

<h2>Software Packages used:</h2>

Package Vendor: ARM
                http://www.keil.com/pack/ARM.CMSIS.5.9.0.pack
                ARM.CMSIS.5.9.0
                CMSIS (Common Microcontroller Software Interface Standard)
   * Component: CORE Version: 5.6.0

Package Vendor: Keil
                https://www.keil.com/pack/Keil.STM32F1xx_DFP.2.4.1.pack
                Keil.STM32F1xx_DFP.2.4.1
                STMicroelectronics STM32F1 Series Device Support, Drivers and Examples
   * Component: Startup Version: 1.0.0

<h2>Collection of Component include folders:</h2>
  ./RTE/Device/STM32F103RB
  ./RTE/_Target_1
  D:/progr_MP_MK/Soft/ARM/CMSIS/5.9.0/CMSIS/Core/Include
  D:/progr_MP_MK/Soft/Keil/STM32F1xx_DFP/2.4.1/Device/Include

<h2>Collection of Component Files used:</h2>

   * Component: ARM::CMSIS:CORE:5.6.0

   * Component: Keil::Device:Startup:1.0.0
      Include file:  RTE_Driver/Config/RTE_Device.h
      Source file:   Device/Source/system_stm32f10x.c
      Source file:   Device/Source/ARM/startup_stm32f10x_md.s
      Source file:   Device/Source/ARM/STM32F1xx_OPT.s
Build Time Elapsed:  00:00:02
</pre>
</body>
</html>
